exports[`Welcome (Snapshot) Welcome renders PostList 1`] = `
<ul
  className="postList" />
`;
